2026-06-25 16:20:48 [main] INFO  c.d.apigateway.ApiGatewayApplication - Starting ApiGatewayApplication using Java 21.0.11 with PID 187979 (/home/khube/Documents/digital-banking-platform-k8s/api-gateway/build/classes/java/main started by khube in /home/khube/Documents/digital-banking-platform-k8s)
2026-06-25 16:20:48 [main] INFO  c.d.apigateway.ApiGatewayApplication - The following 1 profile is active: "k8s.local"
2026-06-25 16:20:48 [main] INFO  o.s.c.c.c.ConfigServerConfigDataLoader - Fetching config from server at : http://localhost:9999
2026-06-25 16:20:48 [main] INFO  o.s.c.c.c.ConfigServerConfigDataLoader - Located environment: name=api-gateway, profiles=[default], label=null, version=f8693359eaae93ae38bf79867d8f776c2fb5717f, state=
2026-06-25 16:20:48 [main] INFO  o.s.v.c.e.LeaseAwareVaultPropertySource - Vault location [kv/api-gateway/k8s.local] not resolvable: Not found
2026-06-25 16:20:48 [main] INFO  o.s.v.c.e.LeaseAwareVaultPropertySource - Vault location [kv/api-gateway] not resolvable: Not found
2026-06-25 16:20:48 [main] INFO  o.s.v.c.e.LeaseAwareVaultPropertySource - Vault location [kv/credentials/k8s.local] not resolvable: Not found
2026-06-25 16:20:48 [main] INFO  o.s.c.c.c.ConfigServerConfigDataLoader - Fetching config from server at : http://localhost:9999
2026-06-25 16:20:48 [main] INFO  o.s.c.c.c.ConfigServerConfigDataLoader - Located environment: name=api-gateway, profiles=[k8s.local], label=null, version=f8693359eaae93ae38bf79867d8f776c2fb5717f, state=
2026-06-25 16:20:49 [main] TRACE o.s.c.g.c.GatewayAutoConfiguration$OnVerboseDisabledCondition - Condition GatewayAutoConfiguration.OnVerboseDisabledCondition on org.springframework.cloud.gateway.config.GatewayAutoConfiguration$GatewayActuatorConfiguration#gatewayLegacyControllerEndpoint did not match due to NoneNestedConditions 1 matched 0 did not; NestedCondition on GatewayAutoConfiguration.OnVerboseDisabledCondition.VerboseDisabled @ConditionalOnProperty (spring.cloud.gateway.server.webflux.actuator.verbose.enabled) matched
2026-06-25 16:20:49 [main] TRACE o.s.c.g.f.h.TrustedProxies$OnPropertyExistsCondition - Condition TrustedProxies.OnPropertyExistsCondition on org.springframework.cloud.gateway.config.GatewayAutoConfiguration$NettyConfiguration#gatewayNettyServerCustomizer did not match due to spring.cloud.gateway.server.webflux.trusted-proxies property is not set or is empty.
2026-06-25 16:20:49 [main] TRACE o.s.c.g.c.c.OnEnabledGlobalFilter - Condition OnEnabledGlobalFilter on org.springframework.cloud.gateway.config.GatewayAutoConfiguration$NettyConfiguration#routingFilter matched
2026-06-25 16:20:49 [main] TRACE o.s.c.g.c.c.OnEnabledGlobalFilter - Condition OnEnabledGlobalFilter on org.springframework.cloud.gateway.config.GatewayAutoConfiguration$NettyConfiguration#nettyWriteResponseFilter matched
2026-06-25 16:20:49 [main] TRACE o.s.c.g.c.c.OnEnabledGlobalFilter - Condition OnEnabledGlobalFilter on org.springframework.cloud.gateway.config.GatewayAutoConfiguration$NettyConfiguration#reactorNettyWebSocketClient matched
2026-06-25 16:20:49 [main] TRACE o.s.c.g.c.c.OnEnabledGlobalFilter - Condition OnEnabledGlobalFilter on org.springframework.cloud.gateway.config.GatewayAutoConfiguration$NettyConfiguration#reactorNettyRequestUpgradeStrategy matched
2026-06-25 16:20:50 [main] TRACE o.s.c.g.f.h.TrustedProxies$ForwardedTrustedProxiesCondition - Condition TrustedProxies.ForwardedTrustedProxiesCondition on org.springframework.cloud.gateway.config.GatewayAutoConfiguration#forwardedHeadersFilter did not match due to AllNestedConditions 1 matched 1 did not; NestedCondition on TrustedProxies.ForwardedTrustedProxiesCondition.OnTrustedProxiesNotEmpty spring.cloud.gateway.server.webflux.trusted-proxies property is not set or is empty.; NestedCondition on TrustedProxies.ForwardedTrustedProxiesCondition.OnPropertyEnabled @ConditionalOnProperty (spring.cloud.gateway.server.webflux.forwarded.enabled) matched
2026-06-25 16:20:50 [main] TRACE o.s.c.g.f.h.TrustedProxies$XForwardedTrustedProxiesCondition - Condition TrustedProxies.XForwardedTrustedProxiesCondition on org.springframework.cloud.gateway.config.GatewayAutoConfiguration#xForwardedHeadersFilter did not match due to AllNestedConditions 1 matched 1 did not; NestedCondition on TrustedProxies.XForwardedTrustedProxiesCondition.OnTrustedProxiesNotEmpty spring.cloud.gateway.server.webflux.trusted-proxies property is not set or is empty.; NestedCondition on TrustedProxies.XForwardedTrustedProxiesCondition.OnPropertyEnabled @ConditionalOnProperty (spring.cloud.gateway.server.webflux.x-forwarded.enabled) matched
2026-06-25 16:20:50 [main] TRACE o.s.c.g.c.c.OnEnabledGlobalFilter - Condition OnEnabledGlobalFilter on org.springframework.cloud.gateway.config.GatewayAutoConfiguration#adaptCachedBodyGlobalFilter matched
2026-06-25 16:20:50 [main] TRACE o.s.c.g.c.c.OnEnabledGlobalFilter - Condition OnEnabledGlobalFilter on org.springframework.cloud.gateway.config.GatewayAutoConfiguration#removeCachedBodyFilter matched
2026-06-25 16:20:50 [main] TRACE o.s.c.g.c.c.OnEnabledGlobalFilter - Condition OnEnabledGlobalFilter on org.springframework.cloud.gateway.config.GatewayAutoConfiguration#routeToRequestUrlFilter matched
2026-06-25 16:20:50 [main] TRACE o.s.c.g.c.c.OnEnabledGlobalFilter - Condition OnEnabledGlobalFilter on org.springframework.cloud.gateway.config.GatewayAutoConfiguration#forwardRoutingFilter matched
2026-06-25 16:20:50 [main] TRACE o.s.c.g.c.c.OnEnabledGlobalFilter - Condition OnEnabledGlobalFilter on org.springframework.cloud.gateway.config.GatewayAutoConfiguration#forwardPathFilter matched
2026-06-25 16:20:50 [main] TRACE o.s.c.g.c.c.OnEnabledGlobalFilter - Condition OnEnabledGlobalFilter on org.springframework.cloud.gateway.config.GatewayAutoConfiguration#webSocketService matched
2026-06-25 16:20:50 [main] TRACE o.s.c.g.c.c.OnEnabledGlobalFilter - Condition OnEnabledGlobalFilter on org.springframework.cloud.gateway.config.GatewayAutoConfiguration#websocketRoutingFilter matched
2026-06-25 16:20:50 [main] TRACE o.s.c.g.c.c.OnEnabledPredicate - Condition OnEnabledPredicate on org.springframework.cloud.gateway.config.GatewayAutoConfiguration#weightCalculatorWebFilter matched
2026-06-25 16:20:50 [main] TRACE o.s.c.g.c.c.OnEnabledPredicate - Condition OnEnabledPredicate on org.springframework.cloud.gateway.config.GatewayAutoConfiguration#afterRoutePredicateFactory matched
2026-06-25 16:20:50 [main] TRACE o.s.c.g.c.c.OnEnabledPredicate - Condition OnEnabledPredicate on org.springframework.cloud.gateway.config.GatewayAutoConfiguration#beforeRoutePredicateFactory matched
2026-06-25 16:20:50 [main] TRACE o.s.c.g.c.c.OnEnabledPredicate - Condition OnEnabledPredicate on org.springframework.cloud.gateway.config.GatewayAutoConfiguration#betweenRoutePredicateFactory matched
2026-06-25 16:20:50 [main] TRACE o.s.c.g.c.c.OnEnabledPredicate - Condition OnEnabledPredicate on org.springframework.cloud.gateway.config.GatewayAutoConfiguration#cookieRoutePredicateFactory matched
2026-06-25 16:20:50 [main] TRACE o.s.c.g.c.c.OnEnabledPredicate - Condition OnEnabledPredicate on org.springframework.cloud.gateway.config.GatewayAutoConfiguration#headerRoutePredicateFactory matched
2026-06-25 16:20:50 [main] TRACE o.s.c.g.c.c.OnEnabledPredicate - Condition OnEnabledPredicate on org.springframework.cloud.gateway.config.GatewayAutoConfiguration#hostRoutePredicateFactory matched
2026-06-25 16:20:50 [main] TRACE o.s.c.g.c.c.OnEnabledPredicate - Condition OnEnabledPredicate on org.springframework.cloud.gateway.config.GatewayAutoConfiguration#methodRoutePredicateFactory matched
2026-06-25 16:20:50 [main] TRACE o.s.c.g.c.c.OnEnabledPredicate - Condition OnEnabledPredicate on org.springframework.cloud.gateway.config.GatewayAutoConfiguration#pathRoutePredicateFactory matched
2026-06-25 16:20:50 [main] TRACE o.s.c.g.c.c.OnEnabledPredicate - Condition OnEnabledPredicate on org.springframework.cloud.gateway.config.GatewayAutoConfiguration#queryRoutePredicateFactory matched
2026-06-25 16:20:50 [main] TRACE o.s.c.g.c.c.OnEnabledPredicate - Condition OnEnabledPredicate on org.springframework.cloud.gateway.config.GatewayAutoConfiguration#readBodyPredicateFactory matched
2026-06-25 16:20:50 [main] TRACE o.s.c.g.c.c.OnEnabledPredicate - Condition OnEnabledPredicate on org.springframework.cloud.gateway.config.GatewayAutoConfiguration#remoteAddrRoutePredicateFactory matched
2026-06-25 16:20:50 [main] TRACE o.s.c.g.c.c.OnEnabledPredicate - Condition OnEnabledPredicate on org.springframework.cloud.gateway.config.GatewayAutoConfiguration#versionRoutePredicateFactory matched
2026-06-25 16:20:50 [main] TRACE o.s.c.g.c.c.OnEnabledPredicate - Condition OnEnabledPredicate on org.springframework.cloud.gateway.config.GatewayAutoConfiguration#xForwardedRemoteAddrRoutePredicateFactory matched
2026-06-25 16:20:50 [main] TRACE o.s.c.g.c.c.OnEnabledPredicate - Condition OnEnabledPredicate on org.springframework.cloud.gateway.config.GatewayAutoConfiguration#weightRoutePredicateFactory matched
2026-06-25 16:20:50 [main] TRACE o.s.c.g.c.c.OnEnabledPredicate - Condition OnEnabledPredicate on org.springframework.cloud.gateway.config.GatewayAutoConfiguration#cloudFoundryRouteServiceRoutePredicateFactory matched
2026-06-25 16:20:50 [main] TRACE o.s.c.g.c.c.OnEnabledFilter - Condition OnEnabledFilter on org.springframework.cloud.gateway.config.GatewayAutoConfiguration#addRequestHeaderGatewayFilterFactory matched
2026-06-25 16:20:50 [main] TRACE o.s.c.g.c.c.OnEnabledFilter - Condition OnEnabledFilter on org.springframework.cloud.gateway.config.GatewayAutoConfiguration#addRequestHeadersIfNotPresentGatewayFilterFactory matched
2026-06-25 16:20:50 [main] TRACE o.s.c.g.c.c.OnEnabledFilter - Condition OnEnabledFilter on org.springframework.cloud.gateway.config.GatewayAutoConfiguration#mapRequestHeaderGatewayFilterFactory matched
2026-06-25 16:20:50 [main] TRACE o.s.c.g.c.c.OnEnabledFilter - Condition OnEnabledFilter on org.springframework.cloud.gateway.config.GatewayAutoConfiguration#addRequestParameterGatewayFilterFactory matched
2026-06-25 16:20:50 [main] TRACE o.s.c.g.c.c.OnEnabledFilter - Condition OnEnabledFilter on org.springframework.cloud.gateway.config.GatewayAutoConfiguration#addResponseHeaderGatewayFilterFactory matched
2026-06-25 16:20:50 [main] TRACE o.s.c.g.c.c.OnEnabledFilter - Condition OnEnabledFilter on org.springframework.cloud.gateway.config.GatewayAutoConfiguration#modifyRequestBodyGatewayFilterFactory matched
2026-06-25 16:20:50 [main] TRACE o.s.c.g.c.c.OnEnabledFilter - Condition OnEnabledFilter on org.springframework.cloud.gateway.config.GatewayAutoConfiguration#dedupeResponseHeaderGatewayFilterFactory matched
2026-06-25 16:20:50 [main] TRACE o.s.c.g.c.c.OnEnabledFilter - Condition OnEnabledFilter on org.springframework.cloud.gateway.config.GatewayAutoConfiguration#modifyResponseBodyGatewayFilterFactory matched
2026-06-25 16:20:50 [main] TRACE o.s.c.g.c.c.OnEnabledFilter - Condition OnEnabledFilter on org.springframework.cloud.gateway.config.GatewayAutoConfiguration#cacheRequestBodyGatewayFilterFactory matched
2026-06-25 16:20:50 [main] TRACE o.s.c.g.c.c.OnEnabledFilter - Condition OnEnabledFilter on org.springframework.cloud.gateway.config.GatewayAutoConfiguration#prefixPathGatewayFilterFactory matched
2026-06-25 16:20:50 [main] TRACE o.s.c.g.c.c.OnEnabledFilter - Condition OnEnabledFilter on org.springframework.cloud.gateway.config.GatewayAutoConfiguration#preserveHostHeaderGatewayFilterFactory matched
2026-06-25 16:20:50 [main] TRACE o.s.c.g.c.c.OnEnabledFilter - Condition OnEnabledFilter on org.springframework.cloud.gateway.config.GatewayAutoConfiguration#redirectToGatewayFilterFactory matched
2026-06-25 16:20:50 [main] TRACE o.s.c.g.c.c.OnEnabledFilter - Condition OnEnabledFilter on org.springframework.cloud.gateway.config.GatewayAutoConfiguration#removeJsonAttributesResponseBodyGatewayFilterFactory matched
2026-06-25 16:20:50 [main] TRACE o.s.c.g.c.c.OnEnabledFilter - Condition OnEnabledFilter on org.springframework.cloud.gateway.config.GatewayAutoConfiguration#removeRequestHeaderGatewayFilterFactory matched
2026-06-25 16:20:50 [main] TRACE o.s.c.g.c.c.OnEnabledFilter - Condition OnEnabledFilter on org.springframework.cloud.gateway.config.GatewayAutoConfiguration#removeRequestParameterGatewayFilterFactory matched
2026-06-25 16:20:50 [main] TRACE o.s.c.g.c.c.OnEnabledFilter - Condition OnEnabledFilter on org.springframework.cloud.gateway.config.GatewayAutoConfiguration#removeResponseHeaderGatewayFilterFactory matched
2026-06-25 16:20:50 [main] TRACE o.s.c.g.c.c.OnEnabledFilter - Condition OnEnabledFilter on org.springframework.cloud.gateway.config.GatewayAutoConfiguration#requestRateLimiterGatewayFilterFactory matched
2026-06-25 16:20:50 [main] TRACE o.s.c.g.c.c.OnEnabledFilter - Condition OnEnabledFilter on org.springframework.cloud.gateway.config.GatewayAutoConfiguration#rewritePathGatewayFilterFactory matched
2026-06-25 16:20:50 [main] TRACE o.s.c.g.c.c.OnEnabledFilter - Condition OnEnabledFilter on org.springframework.cloud.gateway.config.GatewayAutoConfiguration#retryGatewayFilterFactory matched
2026-06-25 16:20:50 [main] TRACE o.s.c.g.c.c.OnEnabledFilter - Condition OnEnabledFilter on org.springframework.cloud.gateway.config.GatewayAutoConfiguration#setPathGatewayFilterFactory matched
2026-06-25 16:20:50 [main] TRACE o.s.c.g.c.c.OnEnabledFilter - Condition OnEnabledFilter on org.springframework.cloud.gateway.config.GatewayAutoConfiguration#secureHeadersGatewayFilterFactory matched
2026-06-25 16:20:50 [main] TRACE o.s.c.g.c.c.OnEnabledFilter - Condition OnEnabledFilter on org.springframework.cloud.gateway.config.GatewayAutoConfiguration#setRequestHeaderGatewayFilterFactory matched
2026-06-25 16:20:50 [main] TRACE o.s.c.g.c.c.OnEnabledFilter - Condition OnEnabledFilter on org.springframework.cloud.gateway.config.GatewayAutoConfiguration#setRequestHostHeaderGatewayFilterFactory matched
2026-06-25 16:20:50 [main] TRACE o.s.c.g.c.c.OnEnabledFilter - Condition OnEnabledFilter on org.springframework.cloud.gateway.config.GatewayAutoConfiguration#setResponseHeaderGatewayFilterFactory matched
2026-06-25 16:20:50 [main] TRACE o.s.c.g.c.c.OnEnabledFilter - Condition OnEnabledFilter on org.springframework.cloud.gateway.config.GatewayAutoConfiguration#rewriteResponseHeaderGatewayFilterFactory matched
2026-06-25 16:20:50 [main] TRACE o.s.c.g.c.c.OnEnabledFilter - Condition OnEnabledFilter on org.springframework.cloud.gateway.config.GatewayAutoConfiguration#rewriteLocationResponseHeaderGatewayFilterFactory matched
2026-06-25 16:20:50 [main] TRACE o.s.c.g.c.c.OnEnabledFilter - Condition OnEnabledFilter on org.springframework.cloud.gateway.config.GatewayAutoConfiguration#setStatusGatewayFilterFactory matched
2026-06-25 16:20:50 [main] TRACE o.s.c.g.c.c.OnEnabledFilter - Condition OnEnabledFilter on org.springframework.cloud.gateway.config.GatewayAutoConfiguration#saveSessionGatewayFilterFactory matched
2026-06-25 16:20:50 [main] TRACE o.s.c.g.c.c.OnEnabledFilter - Condition OnEnabledFilter on org.springframework.cloud.gateway.config.GatewayAutoConfiguration#stripPrefixGatewayFilterFactory matched
2026-06-25 16:20:50 [main] TRACE o.s.c.g.c.c.OnEnabledFilter - Condition OnEnabledFilter on org.springframework.cloud.gateway.config.GatewayAutoConfiguration#requestHeaderToRequestUriGatewayFilterFactory matched
2026-06-25 16:20:50 [main] TRACE o.s.c.g.c.c.OnEnabledFilter - Condition OnEnabledFilter on org.springframework.cloud.gateway.config.GatewayAutoConfiguration#setRequestUriGatewayFilterFactory matched
2026-06-25 16:20:50 [main] TRACE o.s.c.g.c.c.OnEnabledFilter - Condition OnEnabledFilter on org.springframework.cloud.gateway.config.GatewayAutoConfiguration#requestSizeGatewayFilterFactory matched
2026-06-25 16:20:50 [main] TRACE o.s.c.g.c.c.OnEnabledFilter - Condition OnEnabledFilter on org.springframework.cloud.gateway.config.GatewayAutoConfiguration#requestHeaderSizeGatewayFilterFactory matched
2026-06-25 16:20:50 [main] TRACE o.s.c.g.c.c.OnEnabledFilter - Condition OnEnabledFilter on org.springframework.cloud.gateway.config.GatewayAutoConfiguration#rewriteRequestParameterGatewayFilterFactory matched
2026-06-25 16:20:50 [main] INFO  o.s.d.r.c.RepositoryConfigurationDelegate - Multiple Spring Data modules found, entering strict repository configuration mode
2026-06-25 16:20:50 [main] INFO  o.s.d.r.c.RepositoryConfigurationDelegate - Bootstrapping Spring Data Redis repositories in DEFAULT mode.
2026-06-25 16:20:50 [main] INFO  o.s.d.r.c.RepositoryConfigurationDelegate - Finished Spring Data repository scanning in 15 ms. Found 0 Redis repository interfaces.
2026-06-25 16:20:50 [main] INFO  o.s.cloud.context.scope.GenericScope - BeanFactory id=d04251a3-d231-3415-aaf9-79f6fd3b0362
2026-06-25 16:20:51 [main] INFO  c.d.a.config.VaultProperties - VaultProperties initialized secret: null
2026-06-25 16:20:51 [main] INFO  c.d.a.config.VaultProperties - VaultProperties initialized with secret: 8f4d9a2c7e1b6f3a9d8e5c2b7f4a1d6e9c3b8f2a7d5e1c9b4f6a2d8e3f7b1c5
2026-06-25 16:20:51 [main] INFO  c.d.apigateway.health.StartupCheck - Performing startup checks...
2026-06-25 16:20:53 [main] INFO  c.d.apigateway.health.StartupCheck - Startup checks completed successfully.
2026-06-25 16:20:53 [main] INFO  c.d.apigateway.config.MeterConfig - Configuring common metrics tags
2026-06-25 16:20:53 [main] INFO  c.d.a.config.ObservabilityConfig - Configuring observability common tags
2026-06-25 16:20:53 [main] INFO  c.d.a.config.ApiGatewayConfig - Configuring API Gateway routes
2026-06-25 16:20:53 [main] INFO  c.d.a.config.RateLimiterConfig - Configuring Redis rate limiter with 2 requests per second, burst of 5
2026-06-25 16:20:53 [main] INFO  c.d.a.config.RateLimiterConfig - Configuring IP-based key resolver for rate limiting
2026-06-25 16:20:53 [main] INFO  c.d.apigateway.config.OpenApiConfig - Configuring OpenAPI documentation
2026-06-25 16:20:53 [main] INFO  c.d.a.config.OpenTelemetryConfig - Configuring OpenTelemetry tracing for service: api-gateway
2026-06-25 16:20:53 [main] INFO  c.d.a.config.OpenTelemetryConfig - Creating OTLP HTTP log record exporter with endpoint: https://otlp-gateway-prod-ap-south-1.grafana.net/otlp
2026-06-25 16:20:53 [main] INFO  c.d.a.config.OpenTelemetryConfig - OpenTelemetry tracing configured successfully
2026-06-25 16:20:54 [main] INFO  c.d.apigateway.config.SecurityConfig - Configuring security filter chain
2026-06-25 16:20:54 [main] INFO  c.d.apigateway.config.SecurityConfig - Configuring JWT decoder
2026-06-25 16:20:54 [main] INFO  o.s.c.g.r.RouteDefinitionRouteLocator - Loaded RoutePredicateFactory [After]
2026-06-25 16:20:54 [main] INFO  o.s.c.g.r.RouteDefinitionRouteLocator - Loaded RoutePredicateFactory [Before]
2026-06-25 16:20:54 [main] INFO  o.s.c.g.r.RouteDefinitionRouteLocator - Loaded RoutePredicateFactory [Between]
2026-06-25 16:20:54 [main] INFO  o.s.c.g.r.RouteDefinitionRouteLocator - Loaded RoutePredicateFactory [Cookie]
2026-06-25 16:20:54 [main] INFO  o.s.c.g.r.RouteDefinitionRouteLocator - Loaded RoutePredicateFactory [Header]
2026-06-25 16:20:54 [main] INFO  o.s.c.g.r.RouteDefinitionRouteLocator - Loaded RoutePredicateFactory [Host]
2026-06-25 16:20:54 [main] INFO  o.s.c.g.r.RouteDefinitionRouteLocator - Loaded RoutePredicateFactory [Method]
2026-06-25 16:20:54 [main] INFO  o.s.c.g.r.RouteDefinitionRouteLocator - Loaded RoutePredicateFactory [Path]
2026-06-25 16:20:54 [main] INFO  o.s.c.g.r.RouteDefinitionRouteLocator - Loaded RoutePredicateFactory [Query]
2026-06-25 16:20:54 [main] INFO  o.s.c.g.r.RouteDefinitionRouteLocator - Loaded RoutePredicateFactory [ReadBody]
2026-06-25 16:20:54 [main] INFO  o.s.c.g.r.RouteDefinitionRouteLocator - Loaded RoutePredicateFactory [RemoteAddr]
2026-06-25 16:20:54 [main] INFO  o.s.c.g.r.RouteDefinitionRouteLocator - Loaded RoutePredicateFactory [Version]
2026-06-25 16:20:54 [main] INFO  o.s.c.g.r.RouteDefinitionRouteLocator - Loaded RoutePredicateFactory [XForwardedRemoteAddr]
2026-06-25 16:20:54 [main] INFO  o.s.c.g.r.RouteDefinitionRouteLocator - Loaded RoutePredicateFactory [Weight]
2026-06-25 16:20:54 [main] INFO  o.s.c.g.r.RouteDefinitionRouteLocator - Loaded RoutePredicateFactory [CloudFoundryRouteService]
2026-06-25 16:20:55 [main] INFO  o.s.b.a.e.web.EndpointLinksResolver - Exposing 5 endpoints beneath base path '/actuator'
2026-06-25 16:20:55 [main] INFO  o.s.b.reactor.netty.NettyWebServer - Netty started on port 8082 (http)
2026-06-25 16:20:55 [main] DEBUG o.s.c.g.filter.GatewayMetricsFilter - New routes count: 0
2026-06-25 16:20:55 [main] INFO  c.d.apigateway.ApiGatewayApplication - Started ApiGatewayApplication in 10.801 seconds (process running for 11.514)
2026-06-25 16:21:23 [parallel-1] TRACE o.s.c.g.f.WeightCalculatorWebFilter - Weights attr: {}
2026-06-25 16:21:23 [parallel-1] TRACE o.s.c.g.h.p.PathRoutePredicateFactory - Pattern "/api/v1/auth/**" matches against value "/api/v1/auth/login"
2026-06-25 16:21:23 [parallel-1] DEBUG o.s.c.g.h.RoutePredicateHandlerMapping - Route matched: auth-service
2026-06-25 16:21:23 [parallel-1] DEBUG o.s.c.g.h.RoutePredicateHandlerMapping - Mapping [Exchange: POST http://localhost:8082/api/v1/auth/login] to Route{id='auth-service', uri=http://localhost:8081, order=0, predicate=Paths: [/api/v1/auth/**], match trailing slash: true, gatewayFilters=[[org.springframework.cloud.gateway.filter.factory.RequestRateLimiterGatewayFilterFactory$$Lambda/0x00007e5ab082c448@651267ae, order = 0], com.digitalpayment.apigateway.filter.ApiGatewayFilter@ea441c8], metadata={}}
2026-06-25 16:21:23 [parallel-1] DEBUG o.s.c.g.h.RoutePredicateHandlerMapping - [2cdf2a88-1] Mapped to org.springframework.cloud.gateway.handler.FilteringWebHandler@1c00a9f0
2026-06-25 16:21:23 [parallel-1] DEBUG o.s.c.g.handler.FilteringWebHandler - Sorted gatewayFilterFactories: [[GatewayFilterAdapter{delegate=org.springframework.cloud.gateway.filter.RemoveCachedBodyFilter@440e2406}, order = -2147483648], [GatewayFilterAdapter{delegate=org.springframework.cloud.gateway.filter.AdaptCachedBodyGlobalFilter@5a9004e1}, order = -2147482648], [GatewayFilterAdapter{delegate=org.springframework.cloud.gateway.filter.NettyWriteResponseFilter@1f9a5d3b}, order = -1], [GatewayFilterAdapter{delegate=org.springframework.cloud.gateway.filter.ForwardPathFilter@6179551b}, order = 0], [GatewayFilterAdapter{delegate=org.springframework.cloud.gateway.filter.GatewayMetricsFilter@6f4e39b3}, order = 0], [org.springframework.cloud.gateway.filter.factory.RequestRateLimiterGatewayFilterFactory$$Lambda/0x00007e5ab082c448@651267ae, order = 0], com.digitalpayment.apigateway.filter.ApiGatewayFilter@ea441c8, [GatewayFilterAdapter{delegate=org.springframework.cloud.gateway.filter.RouteToRequestUrlFilter@56adb75e}, order = 10000], [GatewayFilterAdapter{delegate=org.springframework.cloud.gateway.config.GatewayNoLoadBalancerClientAutoConfiguration$NoLoadBalancerClientFilter@7ea91c39}, order = 10150], [GatewayFilterAdapter{delegate=org.springframework.cloud.gateway.filter.WebsocketRoutingFilter@54626326}, order = 2147483646], [GatewayFilterAdapter{delegate=org.springframework.cloud.gateway.filter.NettyRoutingFilter@3509f32d}, order = 2147483647], [GatewayFilterAdapter{delegate=org.springframework.cloud.gateway.filter.ForwardRoutingFilter@2cc7b63d}, order = 2147483647]]
2026-06-25 16:21:23 [lettuce-epollEventLoop-5-1] DEBUG o.s.c.g.f.ratelimit.RedisRateLimiter - response: Response{allowed=true, headers={X-RateLimit-Remaining=4, X-RateLimit-Requested-Tokens=1, X-RateLimit-Burst-Capacity=5, X-RateLimit-Replenish-Rate=2}, tokensRemaining=-1}
2026-06-25 16:21:24 [lettuce-epollEventLoop-5-1] TRACE o.s.c.g.f.RouteToRequestUrlFilter - RouteToRequestUrlFilter start
2026-06-25 16:21:24 [lettuce-epollEventLoop-5-1] DEBUG o.s.c.g.f.h.o.ObservedRequestHttpHeadersFilter - Will instrument the HTTP request headers [Content-Type:"application/json", User-Agent:"PostmanRuntime/7.54.0", Accept:"*/*", Cache-Control:"no-cache", Postman-Token:"f77d3f5d-45df-4c3a-9460-5bc47522529f", Host:"localhost:8082", Accept-Encoding:"gzip, deflate, br", Content-Length:"67"]
2026-06-25 16:21:24 [lettuce-epollEventLoop-5-1] DEBUG o.s.c.g.f.h.o.ObservedRequestHttpHeadersFilter - Client observation  {name=http.client.requests(null), error=null, context=name='http.client.requests', contextualName='null', error='null', lowCardinalityKeyValues=[http.method='POST', http.status_code='UNKNOWN', spring.cloud.gateway.route.id='auth-service', spring.cloud.gateway.route.uri='http://localhost:8081'], highCardinalityKeyValues=[http.uri='http://localhost:8082/api/v1/auth/login'], map=[class io.micrometer.core.instrument.Timer$Sample='io.micrometer.core.instrument.Timer$Sample@31d74287', class io.micrometer.core.instrument.LongTaskTimer$Sample='SampleImpl{duration(seconds)=0.002461457, duration(nanos)=2461457.0, startTimeNanos=25947141972328}'], parentObservation=org.springframework.security.web.server.ObservationWebFilterChainDecorator$PhasedObservation@1bca3de7} created for the request. New headers are [Content-Type:"application/json", User-Agent:"PostmanRuntime/7.54.0", Accept:"*/*", Cache-Control:"no-cache", Postman-Token:"f77d3f5d-45df-4c3a-9460-5bc47522529f", Host:"localhost:8082", Accept-Encoding:"gzip, deflate, br", Content-Length:"67"]
2026-06-25 16:21:24 [reactor-http-epoll-9] TRACE o.s.c.g.filter.NettyRoutingFilter - outbound route: 45457c33, inbound: [2cdf2a88-1] 
2026-06-25 16:21:25 [reactor-http-epoll-9] DEBUG o.s.c.g.f.h.o.ObservedResponseHttpHeadersFilter - Will instrument the response
2026-06-25 16:21:25 [reactor-http-epoll-9] DEBUG o.s.c.g.f.h.o.ObservedResponseHttpHeadersFilter - The response was handled for observation {name=http.client.requests(null), error=null, context=name='http.client.requests', contextualName='null', error='null', lowCardinalityKeyValues=[http.method='POST', http.status_code='UNKNOWN', spring.cloud.gateway.route.id='auth-service', spring.cloud.gateway.route.uri='http://localhost:8081'], highCardinalityKeyValues=[http.uri='http://localhost:8082/api/v1/auth/login'], map=[class io.micrometer.core.instrument.Timer$Sample='io.micrometer.core.instrument.Timer$Sample@31d74287', class io.micrometer.core.instrument.LongTaskTimer$Sample='SampleImpl{duration(seconds)=1.971654902, duration(nanos)=1.971654902E9, startTimeNanos=25947141972328}'], parentObservation=org.springframework.security.web.server.ObservationWebFilterChainDecorator$PhasedObservation@1bca3de7}
2026-06-25 16:21:25 [reactor-http-epoll-9] INFO  c.d.a.filter.ApiGatewayFilter - Response status: 200 OK
2026-06-25 16:21:25 [reactor-http-epoll-9] TRACE o.s.c.g.f.NettyWriteResponseFilter - NettyWriteResponseFilter start inbound: 45457c33, outbound: [2cdf2a88-1] 
2026-06-25 16:21:26 [reactor-http-epoll-9] TRACE o.s.c.g.filter.GatewayMetricsFilter - spring.cloud.gateway.requests tags: [tag(httpMethod=POST),tag(httpStatusCode=200),tag(outcome=SUCCESSFUL),tag(routeId=auth-service),tag(routeUri=http://localhost:8081),tag(status=OK)]
2026-06-25 16:21:31 [parallel-2] TRACE o.s.c.g.f.WeightCalculatorWebFilter - Weights attr: {}
2026-06-25 16:21:31 [parallel-2] TRACE o.s.c.g.h.p.PathRoutePredicateFactory - Pattern "/api/v1/auth/**" matches against value "/api/v1/auth/login"
2026-06-25 16:21:31 [parallel-2] DEBUG o.s.c.g.h.RoutePredicateHandlerMapping - Route matched: auth-service
2026-06-25 16:21:31 [parallel-2] DEBUG o.s.c.g.h.RoutePredicateHandlerMapping - Mapping [Exchange: POST http://localhost:8082/api/v1/auth/login] to Route{id='auth-service', uri=http://localhost:8081, order=0, predicate=Paths: [/api/v1/auth/**], match trailing slash: true, gatewayFilters=[[org.springframework.cloud.gateway.filter.factory.RequestRateLimiterGatewayFilterFactory$$Lambda/0x00007e5ab082c448@651267ae, order = 0], com.digitalpayment.apigateway.filter.ApiGatewayFilter@ea441c8], metadata={}}
2026-06-25 16:21:31 [parallel-2] DEBUG o.s.c.g.h.RoutePredicateHandlerMapping - [2cdf2a88-2] Mapped to org.springframework.cloud.gateway.handler.FilteringWebHandler@1c00a9f0
2026-06-25 16:21:31 [parallel-2] DEBUG o.s.c.g.handler.FilteringWebHandler - Sorted gatewayFilterFactories: [[GatewayFilterAdapter{delegate=org.springframework.cloud.gateway.filter.RemoveCachedBodyFilter@440e2406}, order = -2147483648], [GatewayFilterAdapter{delegate=org.springframework.cloud.gateway.filter.AdaptCachedBodyGlobalFilter@5a9004e1}, order = -2147482648], [GatewayFilterAdapter{delegate=org.springframework.cloud.gateway.filter.NettyWriteResponseFilter@1f9a5d3b}, order = -1], [GatewayFilterAdapter{delegate=org.springframework.cloud.gateway.filter.ForwardPathFilter@6179551b}, order = 0], [GatewayFilterAdapter{delegate=org.springframework.cloud.gateway.filter.GatewayMetricsFilter@6f4e39b3}, order = 0], [org.springframework.cloud.gateway.filter.factory.RequestRateLimiterGatewayFilterFactory$$Lambda/0x00007e5ab082c448@651267ae, order = 0], com.digitalpayment.apigateway.filter.ApiGatewayFilter@ea441c8, [GatewayFilterAdapter{delegate=org.springframework.cloud.gateway.filter.RouteToRequestUrlFilter@56adb75e}, order = 10000], [GatewayFilterAdapter{delegate=org.springframework.cloud.gateway.config.GatewayNoLoadBalancerClientAutoConfiguration$NoLoadBalancerClientFilter@7ea91c39}, order = 10150], [GatewayFilterAdapter{delegate=org.springframework.cloud.gateway.filter.WebsocketRoutingFilter@54626326}, order = 2147483646], [GatewayFilterAdapter{delegate=org.springframework.cloud.gateway.filter.NettyRoutingFilter@3509f32d}, order = 2147483647], [GatewayFilterAdapter{delegate=org.springframework.cloud.gateway.filter.ForwardRoutingFilter@2cc7b63d}, order = 2147483647]]
2026-06-25 16:21:31 [lettuce-epollEventLoop-5-1] DEBUG o.s.c.g.f.ratelimit.RedisRateLimiter - response: Response{allowed=true, headers={X-RateLimit-Remaining=4, X-RateLimit-Requested-Tokens=1, X-RateLimit-Burst-Capacity=5, X-RateLimit-Replenish-Rate=2}, tokensRemaining=-1}
2026-06-25 16:21:31 [lettuce-epollEventLoop-5-1] TRACE o.s.c.g.f.RouteToRequestUrlFilter - RouteToRequestUrlFilter start
2026-06-25 16:21:31 [lettuce-epollEventLoop-5-1] DEBUG o.s.c.g.f.h.o.ObservedRequestHttpHeadersFilter - Will instrument the HTTP request headers [Content-Type:"application/json", User-Agent:"PostmanRuntime/7.54.0", Accept:"*/*", Cache-Control:"no-cache", Postman-Token:"0853aef6-c68e-491a-a65a-fef36499a35e", Host:"localhost:8082", Accept-Encoding:"gzip, deflate, br", Content-Length:"67"]
2026-06-25 16:21:31 [lettuce-epollEventLoop-5-1] DEBUG o.s.c.g.f.h.o.ObservedRequestHttpHeadersFilter - Client observation  {name=http.client.requests(null), error=null, context=name='http.client.requests', contextualName='null', error='null', lowCardinalityKeyValues=[http.method='POST', http.status_code='UNKNOWN', spring.cloud.gateway.route.id='auth-service', spring.cloud.gateway.route.uri='http://localhost:8081'], highCardinalityKeyValues=[http.uri='http://localhost:8082/api/v1/auth/login'], map=[class io.micrometer.core.instrument.Timer$Sample='io.micrometer.core.instrument.Timer$Sample@63757d9c', class io.micrometer.core.instrument.LongTaskTimer$Sample='SampleImpl{duration(seconds)=2.24888E-4, duration(nanos)=224888.0, startTimeNanos=25954787414705}'], parentObservation=org.springframework.security.web.server.ObservationWebFilterChainDecorator$PhasedObservation@5419d29e} created for the request. New headers are [Content-Type:"application/json", User-Agent:"PostmanRuntime/7.54.0", Accept:"*/*", Cache-Control:"no-cache", Postman-Token:"0853aef6-c68e-491a-a65a-fef36499a35e", Host:"localhost:8082", Accept-Encoding:"gzip, deflate, br", Content-Length:"67"]
2026-06-25 16:21:31 [reactor-http-epoll-9] TRACE o.s.c.g.filter.NettyRoutingFilter - outbound route: 45457c33, inbound: [2cdf2a88-2] 
2026-06-25 16:21:31 [reactor-http-epoll-9] DEBUG o.s.c.g.f.h.o.ObservedResponseHttpHeadersFilter - Will instrument the response
2026-06-25 16:21:31 [reactor-http-epoll-9] DEBUG o.s.c.g.f.h.o.ObservedResponseHttpHeadersFilter - The response was handled for observation {name=http.client.requests(null), error=null, context=name='http.client.requests', contextualName='null', error='null', lowCardinalityKeyValues=[http.method='POST', http.status_code='UNKNOWN', spring.cloud.gateway.route.id='auth-service', spring.cloud.gateway.route.uri='http://localhost:8081'], highCardinalityKeyValues=[http.uri='http://localhost:8082/api/v1/auth/login'], map=[class io.micrometer.core.instrument.Timer$Sample='io.micrometer.core.instrument.Timer$Sample@63757d9c', class io.micrometer.core.instrument.LongTaskTimer$Sample='SampleImpl{duration(seconds)=0.27089495, duration(nanos)=2.7089495E8, startTimeNanos=25954787414705}'], parentObservation=org.springframework.security.web.server.ObservationWebFilterChainDecorator$PhasedObservation@5419d29e}
2026-06-25 16:21:31 [reactor-http-epoll-9] INFO  c.d.a.filter.ApiGatewayFilter - Response status: 200 OK
2026-06-25 16:21:31 [reactor-http-epoll-9] TRACE o.s.c.g.f.NettyWriteResponseFilter - NettyWriteResponseFilter start inbound: 45457c33, outbound: [2cdf2a88-2] 
2026-06-25 16:21:31 [reactor-http-epoll-9] TRACE o.s.c.g.filter.GatewayMetricsFilter - spring.cloud.gateway.requests tags: [tag(httpMethod=POST),tag(httpStatusCode=200),tag(outcome=SUCCESSFUL),tag(routeId=auth-service),tag(routeUri=http://localhost:8081),tag(status=OK)]
